// Jest Snapshot v1, https://goo.gl/fbAQLP

exports[`<Order /> renders and matches snapshot 1`] = `
<div
  className="OrderStyles-sc-4oqalm-0 camMij"
  data-test="order"
>
  <SideEffect(Head)>
    <Head />
  </SideEffect(Head)>
  <p>
    <span>
      Order:
    </span>
    <span>
      ord123
    </span>
  </p>
  <p>
    <span>
      Charge
    </span>
    <span>
      ch_123
    </span>
  </p>
  <p>
    <span>
      Date
    </span>
    <span>
      March 31, 2018 5:00 PM
    </span>
  </p>
  <p>
    <span>
      Total
    </span>
    <span>
      $400
    </span>
  </p>
  <p>
    <span>
      Item Count:
    </span>
    <span>
      2
    </span>
  </p>
  <div
    className="items"
  >
    <OrderItem
      item={
        Object {
          "__typename": "OrderItem",
          "description": "et modi tenetur amet modi reprehenderit omnis",
          "id": "3a430a73-c9e9-4bcc-b46a-41618965ffea",
          "image": "reprehenderit.jpg",
          "price": 4234,
          "quantity": 1,
          "title": "soluta non omnis consequatur enim quia autem",
          Symbol(id): "OrderItem:3a430a73-c9e9-4bcc-b46a-41618965ffea",
        }
      }
      key="3a430a73-c9e9-4bcc-b46a-41618965ffea"
    >
      <div
        className="order-item"
      >
        <img
          alt="soluta non omnis consequatur enim quia autem"
          src="reprehenderit.jpg"
        />
        <div
          className="item-details"
        >
          <h2>
            soluta non omnis consequatur enim quia autem
          </h2>
          <p>
            QTY: 
            1
          </p>
          <p>
            Each: 
            $42.34
          </p>
          <p>
            Subtotal: 
            $42.34
          </p>
          <p>
            et modi tenetur amet modi reprehenderit omnis
          </p>
        </div>
      </div>
    </OrderItem>
    <OrderItem
      item={
        Object {
          "__typename": "OrderItem",
          "description": "sapiente laudantium molestias assumenda quasi adipisci mollitia",
          "id": "2393e090-592f-4d03-b808-c9d81098deec",
          "image": "sint.jpg",
          "price": 4234,
          "quantity": 1,
          "title": "quia sed exercitationem omnis laborum exercitationem est",
          Symbol(id): "OrderItem:2393e090-592f-4d03-b808-c9d81098deec",
        }
      }
      key="2393e090-592f-4d03-b808-c9d81098deec"
    >
      <div
        className="order-item"
      >
        <img
          alt="quia sed exercitationem omnis laborum exercitationem est"
          src="sint.jpg"
        />
        <div
          className="item-details"
        >
          <h2>
            quia sed exercitationem omnis laborum exercitationem est
          </h2>
          <p>
            QTY: 
            1
          </p>
          <p>
            Each: 
            $42.34
          </p>
          <p>
            Subtotal: 
            $42.34
          </p>
          <p>
            sapiente laudantium molestias assumenda quasi adipisci mollitia
          </p>
        </div>
      </div>
    </OrderItem>
  </div>
</div>
`;
